Checking for wasm32-unknown-unknown target...
Checking connection to Arbitrum Sepolia...
Connected to Arbitrum Sepolia!
Deployer address: 0x27C0003B9557B7068600Ce3e61E6435C35b8E79e
Deploying first ERC20 token contract (Token0) to Arbitrum Sepolia...
Token0 contract deployed at address: 0x8936c346becc1e9a8c595fb18c77f7c5a40ca785
Token0 transaction hash: 0x529b0030f720c993bec95a6f6dbe45da819297ec2779778ef00d1a8b6f1faeac
Deploying second ERC20 token contract (Token1) to Arbitrum Sepolia...
Token1 contract deployed at address: 0x5634a19cdd9f3152c7174100f52fc823d6786b30
Token1 transaction hash: 0x71e252ddc0cf4756f305ffa5d6837cf4f3d4083f508ab886775f178190baa4c3
Minting tokens for testing...

blockHash            0xeb01447b13509ddb69c475ee9717cc05722184c2bd5950f3633c3cb24cbdd677
blockNumber          183680095
contractAddress      
cumulativeGasUsed    776845
effectiveGasPrice    100000000
from                 0x27C0003B9557B7068600Ce3e61E6435C35b8E79e
gasUsed              73365
logs                 [{"address":"0x8936c346becc1e9a8c595fb18c77f7c5a40ca785","topics":["0xddf252ad1be2c89b69c2b068fc378daa952ba7f163c4a11628f55a4df523b3ef","0x0000000000000000000000000000000000000000000000000000000000000000","0x00000000000000000000000027c0003b9557b7068600ce3e61e6435c35b8e79e"],"data":"0x00000000000000000000000000000000000000000000003635c9adc5dea00000","blockHash":"0xeb01447b13509ddb69c475ee9717cc05722184c2bd5950f3633c3cb24cbdd677","blockNumber":"0xaf2bc5f","transactionHash":"0xd0ba21b24afb55bfa3524763d66dd8722a71fd4b3fb4aa83ead5347784bee378","transactionIndex":"0x5","logIndex":"0xa","removed":false}]
logsBloom            0x000000000000000000000000000000000000000000000000000000000000000000000000000000000000000000000000000000000000000000000000000000000000000000000000000000080000000000000000000000000000000000000000000000000200000000000000000008080000000000000000000000100000000000000000000000000000080000000000000010000000000000000
blockHash            0xeb01447b13509ddb69c475ee9717cc05722184c2bd5950f3633c3cb24cbdd677
blockNumber          183680095
contractAddress      
cumulativeGasUsed    776845
effectiveGasPrice    100000000
from                 0x27C0003B9557B7068600Ce3e61E6435C35b8E79e
gasUsed              73365
logs                 [{"address":"0x8936c346becc1e9a8c595fb18c77f7c5a40ca785","topics":["0xddf252ad1be2c89b69c2b068fc378daa952ba7f163c4a11628f55a4df523b3ef","0x0000000000000000000000000000000000000000000000000000000000000000","0x00000000000000000000000027c0003b9557b7068600ce3e61e6435c35b8e79
blockHash            0xe1222eeba6916f50d5d47c7dd98c64ab07ca1cc8ddb8ef35bf55c0b453aa828d
blockNumber          183680117
contractAddress      
cumulativeGasUsed    73365
effectiveGasPrice    100000000
from                 0x27C0003B9557B7068600Ce3e61E6435C35b8E79e
gasUsed              73365
logs                 [{"address":"0x5634a19cdd9f3152c7174100f52fc823d6786b30","topics":["0xddf252ad1be2c89b69c2b068fc378daa952ba7f163c4a11628f55a4df523b3ef","0x0000000000000000000000000000000000000000000000000000000000000000","0x00000000000000000000000027c0003b9557b7068600ce3e61e6435c35b8e79e"],"data":"0x00000000000000000000000000000000000000000000003635c9adc5dea00000","blockHash":"0xe1222eeba6916f50d5d47c7dd98c64ab07ca1cc8ddb8ef35bf55c0b453aa828d","blockNumber":"0xaf2bc75","transactionHash":"0x7e1a7155deef9ddc3c9c660dfe321b8d6e11cea75568f71dd87890257dd10827","transactionIndex":"0x1","logIndex":"0x0","removed":false}]
logsBloom            0x0000000000000000000000000000000000000000000000000000000000000000000000000000000000000000000000000000000000000000000080000000000000000000000000000000000800000000000000000000000000000000000000000000000002000000000000000000080800000000000000000000001000000000000000000000000000000000000000000000000000000000000000
blockHash            0xe1222eeba6916f50d5d47c7dd98c64ab07ca1cc8ddb8ef35bf55c0b453aa828d
blockNumber          183680117
contractAddress      
cumulativeGasUsed    73365
effectiveGasPrice    100000000
from                 0x27C0003B9557B7068600Ce3e61E6435C35b8E79e
gasUsed              73365
logs                 [{"address":"0x5634a19cdd9f3152c7174100f52fc823d6786b30","topics":["0xddf252ad1be2c89b69c2b068fc378daa952ba7f163c4a11628f55a4df523b3ef","0x0000000000000000000000000000000000000000000000000000000000000000","0x00000000000000000000000027c0003b9557b7068600ce3e61e6435c35b8e79Tokens minted to deployer address.
Deploying the Uniswap V2 contract to Arbitrum Sepolia using cargo stylus...
Uniswap V2 contract deployed successfully!
Transaction hash: 0xf4fd62bb1939365c1d6eb8cd57a6c7508e2cae36eeb7388b215a6836238fcbb7
Uniswap V2 contract address: 0x27c80821c447564d2d32db9e26c62da7c20b41a7
Deployment info saved to build/stylus-deployment-info.json
Deployment completed successfully on Arbitrum Sepolia!
Summary of deployed contracts:
- Token0: 0x8936c346becc1e9a8c595fb18c77f7c5a40ca785
- Token1: 0x5634a19cdd9f3152c7174100f52fc823d6786b30
- Uniswap V2: 0x27c80821c447564d2d32db9e26c62da7c20b41a7
0000000000000000000000000000000000000000000000000000000000000000000000080000000000000000000004000000000000000000002000000000000002000000000000000000000000000000004000000000000000000020000000000000000000000000000000000000000000000000000000000000000000
root                 
status               1 (success)
transactionHash      0x7e1a7155deef9ddc3c9c660dfe321b8d6e11cea75568f71dd87890257dd10827
transactionIndex     1
type                 2
blobGasPrice         
blobGasUsed          
to                   0x5634a19cdD9F3152c7174100f52fc823D6786B30
gasUsedForL1         1078
l1BlockNumber        8977449
timeboosted          false

Tokens minted to deployer address.
Deploying the Uniswap V2 contract to Arbitrum Sepolia using cargo stylus...
Uniswap V2 contract deployed successfully!
Transaction hash: 0xf4fd62bb1939365c1d6eb8cd57a6c7508e2cae36eeb7388b215a6836238fcbb7
Uniswap V2 contract address: 0x27c80821c447564d2d32db9e26c62da7c20b41a7
Deployment info saved to build/stylus-deployment-info.json
Deployment completed successfully on Arbitrum Sepolia!
Summary of deployed contracts:
- Token0: 0x8936c346becc1e9a8c595fb18c77f7c5a40ca785
- Token1: 0x5634a19cdd9f3152c7174100f52fc823d6786b30
- Uniswap V2: 0x27c80821c447564d2d32db9e26c62da7c20b41a7
Deployment completed successfully!
